python : 2026-02-05 14:56:04,157 - root - INFO - LLM Client initialized: provider=none, enabled=False
At line:1 char:1
+ python buddy_dynamic_task_scheduler_tests.py 2>&1 > test_report.txt ; ...
+ ~~~~~~~~~~~~~~~~~~~~~~~~~~~~~~~~~~~~~~~~~~~~~~~~~~~~~~~~~~~~~~~~~~~
    + CategoryInfo          : NotSpecified: (2026-02-05 14:5..., enabled=False:String) [], RemoteException
    + FullyQualifiedErrorId : NativeCommandError
 
2026-02-05 14:56:04,235 - buddy_dynamic_task_scheduler - INFO - TaskScheduler initialized: dry_run=True, max_concurrent=1
2026-02-05 14:56:04,235 - buddy_dynamic_task_scheduler - INFO - Registered action: web_inspect
2026-02-05 14:56:04,235 - buddy_dynamic_task_scheduler - INFO - Registered action: web_navigate
2026-02-05 14:56:04,235 - buddy_dynamic_task_scheduler - INFO - Registered action: web_click
2026-02-05 14:56:04,235 - buddy_dynamic_task_scheduler - INFO - Registered action: web_fill
2026-02-05 14:56:04,235 - buddy_dynamic_task_scheduler - INFO - Registered action: web_extract
2026-02-05 14:56:04,235 - buddy_dynamic_task_scheduler - INFO - Registered action: failing_action
2026-02-05 14:56:04,235 - buddy_dynamic_task_scheduler - INFO - Added task: task_6a6f87f2 - LOW priority task (should execute last) 
(priority=LOW, risk=LOW)
2026-02-05 14:56:04,235 - buddy_dynamic_task_scheduler - INFO - Added task: task_b9ae540c - MEDIUM priority task (priority=MEDIUM, risk=LOW)
2026-02-05 14:56:04,235 - buddy_dynamic_task_scheduler - INFO - Added task: task_03e8ab6f - CRITICAL priority task (should execute first) 
(priority=CRITICAL, risk=LOW)
2026-02-05 14:56:04,237 - buddy_dynamic_task_scheduler - INFO - Task executor started
2026-02-05 14:56:04,237 - buddy_dynamic_task_scheduler - INFO - Task scheduler started
2026-02-05 14:56:04,238 - buddy_dynamic_task_scheduler - INFO - Executing task task_03e8ab6f: CRITICAL priority task (should execute first)
2026-02-05 14:56:04,538 - buddy_dynamic_task_scheduler - INFO - Task task_03e8ab6f completed in 300.50ms
2026-02-05 14:56:04,538 - buddy_dynamic_task_scheduler - INFO - Executing task task_b9ae540c: MEDIUM priority task
2026-02-05 14:56:04,839 - buddy_dynamic_task_scheduler - INFO - Task task_b9ae540c completed in 301.09ms
2026-02-05 14:56:04,839 - buddy_dynamic_task_scheduler - INFO - Executing task task_6a6f87f2: LOW priority task (should execute last)
2026-02-05 14:56:05,141 - buddy_dynamic_task_scheduler - INFO - Task task_6a6f87f2 completed in 300.13ms
2026-02-05 14:56:05,544 - buddy_dynamic_task_scheduler - INFO - All tasks completed: 3/3
2026-02-05 14:56:05,544 - buddy_dynamic_task_scheduler - INFO - Stopping task scheduler...
2026-02-05 14:56:05,544 - buddy_dynamic_task_scheduler - INFO - Task executor stopped
2026-02-05 14:56:05,544 - buddy_dynamic_task_scheduler - INFO - Task scheduler stopped
2026-02-05 14:56:05,544 - buddy_dynamic_task_scheduler - INFO - TaskScheduler initialized: dry_run=True, max_concurrent=1
2026-02-05 14:56:05,544 - buddy_dynamic_task_scheduler - INFO - Registered action: web_inspect
2026-02-05 14:56:05,544 - buddy_dynamic_task_scheduler - INFO - Registered action: web_navigate
2026-02-05 14:56:05,544 - buddy_dynamic_task_scheduler - INFO - Registered action: web_click
2026-02-05 14:56:05,544 - buddy_dynamic_task_scheduler - INFO - Registered action: web_fill
2026-02-05 14:56:05,544 - buddy_dynamic_task_scheduler - INFO - Registered action: web_extract
2026-02-05 14:56:05,544 - buddy_dynamic_task_scheduler - INFO - Registered action: failing_action
2026-02-05 14:56:05,544 - buddy_dynamic_task_scheduler - INFO - Added task: task_de12a441 - Task A: Navigate to site (priority=HIGH, risk=LOW)
2026-02-05 14:56:05,545 - buddy_dynamic_task_scheduler - INFO - Added task: task_c9dd8ef3 - Task B: Inspect site (depends on A) 
(priority=HIGH, risk=LOW)
2026-02-05 14:56:05,545 - buddy_dynamic_task_scheduler - INFO - Added task: task_eac95775 - Task C: Extract data (depends on B) 
(priority=HIGH, risk=LOW)
2026-02-05 14:56:05,545 - buddy_dynamic_task_scheduler - INFO - Task executor started
2026-02-05 14:56:05,545 - buddy_dynamic_task_scheduler - INFO - Task scheduler started
2026-02-05 14:56:05,545 - buddy_dynamic_task_scheduler - INFO - Executing task task_de12a441: Task A: Navigate to site
2026-02-05 14:56:05,746 - buddy_dynamic_task_scheduler - INFO - Task task_de12a441 completed in 201.18ms
2026-02-05 14:56:05,746 - buddy_dynamic_task_scheduler - INFO - Executing task task_c9dd8ef3: Task B: Inspect site (depends on A)
2026-02-05 14:56:06,047 - buddy_dynamic_task_scheduler - INFO - Task task_c9dd8ef3 completed in 301.24ms
2026-02-05 14:56:06,048 - buddy_dynamic_task_scheduler - INFO - Executing task task_eac95775: Task C: Extract data (depends on B)
2026-02-05 14:56:06,249 - buddy_dynamic_task_scheduler - INFO - Task task_eac95775 completed in 200.98ms
2026-02-05 14:56:06,751 - buddy_dynamic_task_scheduler - INFO - All tasks completed: 3/3
2026-02-05 14:56:06,751 - buddy_dynamic_task_scheduler - INFO - Stopping task scheduler...
2026-02-05 14:56:06,751 - buddy_dynamic_task_scheduler - INFO - Task executor stopped
2026-02-05 14:56:06,753 - buddy_dynamic_task_scheduler - INFO - Task scheduler stopped
2026-02-05 14:56:06,755 - buddy_dynamic_task_scheduler - INFO - TaskScheduler initialized: dry_run=True, max_concurrent=1
2026-02-05 14:56:06,755 - buddy_dynamic_task_scheduler - INFO - Registered action: web_inspect
2026-02-05 14:56:06,755 - buddy_dynamic_task_scheduler - INFO - Registered action: web_navigate
2026-02-05 14:56:06,755 - buddy_dynamic_task_scheduler - INFO - Registered action: web_click
2026-02-05 14:56:06,755 - buddy_dynamic_task_scheduler - INFO - Registered action: web_fill
2026-02-05 14:56:06,755 - buddy_dynamic_task_scheduler - INFO - Registered action: web_extract
2026-02-05 14:56:06,755 - buddy_dynamic_task_scheduler - INFO - Registered action: failing_action
2026-02-05 14:56:06,755 - buddy_dynamic_task_scheduler - INFO - Added task: task_ae043470 - HIGH risk task with LOW confidence (should defer) 
(priority=HIGH, risk=HIGH)
2026-02-05 14:56:06,755 - buddy_dynamic_task_scheduler - INFO - Added task: task_bde5fed6 - HIGH risk task with HIGH confidence (should 
execute) (priority=HIGH, risk=HIGH)
2026-02-05 14:56:06,756 - buddy_dynamic_task_scheduler - INFO - Task executor started
2026-02-05 14:56:06,756 - buddy_dynamic_task_scheduler - INFO - Task scheduler started
2026-02-05 14:56:06,756 - buddy_dynamic_task_scheduler - INFO - Executing task task_ae043470: HIGH risk task with LOW confidence (should defer)
2026-02-05 14:56:06,756 - buddy_dynamic_task_scheduler - INFO - DRY-RUN: Task task_ae043470 (risk=HIGH)
2026-02-05 14:56:06,757 - buddy_dynamic_task_scheduler - INFO - Executing task task_bde5fed6: HIGH risk task with HIGH confidence (should 
execute)
2026-02-05 14:56:06,757 - buddy_dynamic_task_scheduler - INFO - DRY-RUN: Task task_bde5fed6 (risk=HIGH)
2026-02-05 14:56:09,756 - buddy_dynamic_task_scheduler - INFO - Stopping task scheduler...
2026-02-05 14:56:09,756 - buddy_dynamic_task_scheduler - INFO - Task executor stopped
2026-02-05 14:56:09,757 - buddy_dynamic_task_scheduler - INFO - Task scheduler stopped
2026-02-05 14:56:09,757 - buddy_dynamic_task_scheduler - INFO - TaskScheduler initialized: dry_run=True, max_concurrent=1
2026-02-05 14:56:09,757 - buddy_dynamic_task_scheduler - INFO - Registered action: web_inspect
2026-02-05 14:56:09,757 - buddy_dynamic_task_scheduler - INFO - Registered action: web_navigate
2026-02-05 14:56:09,757 - buddy_dynamic_task_scheduler - INFO - Registered action: web_click
2026-02-05 14:56:09,757 - buddy_dynamic_task_scheduler - INFO - Registered action: web_fill
2026-02-05 14:56:09,757 - buddy_dynamic_task_scheduler - INFO - Registered action: web_extract
2026-02-05 14:56:09,757 - buddy_dynamic_task_scheduler - INFO - Registered action: failing_action
2026-02-05 14:56:09,757 - buddy_dynamic_task_scheduler - INFO - Added task: task_fbfc4bfa - Main task with conditional branches 
(priority=HIGH, risk=LOW)
2026-02-05 14:56:09,758 - buddy_dynamic_task_scheduler - INFO - Task executor started
2026-02-05 14:56:09,758 - buddy_dynamic_task_scheduler - INFO - Task scheduler started
2026-02-05 14:56:09,758 - buddy_dynamic_task_scheduler - INFO - Executing task task_fbfc4bfa: Main task with conditional branches
2026-02-05 14:56:10,059 - buddy_dynamic_task_scheduler - INFO - Task task_fbfc4bfa completed in 301.03ms
2026-02-05 14:56:10,059 - buddy_dynamic_task_scheduler - INFO - Conditional branch triggered: success for task task_fbfc4bfa
2026-02-05 14:56:10,059 - buddy_dynamic_task_scheduler - INFO - Added task: task_83307a48 - Success branch: Extract data (priority=HIGH, 
risk=LOW)
2026-02-05 14:56:10,059 - buddy_dynamic_task_scheduler - INFO - Executing task task_83307a48: Success branch: Extract data
2026-02-05 14:56:10,260 - buddy_dynamic_task_scheduler - INFO - Task task_83307a48 completed in 200.63ms
2026-02-05 14:56:10,662 - buddy_dynamic_task_scheduler - INFO - All tasks completed: 2/2
2026-02-05 14:56:10,662 - buddy_dynamic_task_scheduler - INFO - Stopping task scheduler...
2026-02-05 14:56:10,662 - buddy_dynamic_task_scheduler - INFO - Task executor stopped
2026-02-05 14:56:10,662 - buddy_dynamic_task_scheduler - INFO - Task scheduler stopped
2026-02-05 14:56:10,663 - buddy_dynamic_task_scheduler - INFO - TaskScheduler initialized: dry_run=True, max_concurrent=1
2026-02-05 14:56:10,663 - buddy_dynamic_task_scheduler - INFO - Registered action: web_inspect
2026-02-05 14:56:10,663 - buddy_dynamic_task_scheduler - INFO - Registered action: web_navigate
2026-02-05 14:56:10,663 - buddy_dynamic_task_scheduler - INFO - Registered action: web_click
2026-02-05 14:56:10,663 - buddy_dynamic_task_scheduler - INFO - Registered action: web_fill
2026-02-05 14:56:10,663 - buddy_dynamic_task_scheduler - INFO - Registered action: web_extract
2026-02-05 14:56:10,663 - buddy_dynamic_task_scheduler - INFO - Registered action: failing_action
2026-02-05 14:56:10,663 - buddy_dynamic_task_scheduler - INFO - Added task: task_f6a11280 - Failing task (should retry 3 times) 
(priority=HIGH, risk=LOW)
2026-02-05 14:56:10,663 - buddy_dynamic_task_scheduler - INFO - Task executor started
2026-02-05 14:56:10,663 - buddy_dynamic_task_scheduler - INFO - Task scheduler started
2026-02-05 14:56:10,664 - buddy_dynamic_task_scheduler - INFO - Executing task task_f6a11280: Failing task (should retry 3 times)
2026-02-05 14:56:10,664 - buddy_dynamic_task_scheduler - ERROR - Task task_f6a11280 failed: Exception: Simulated failure for retry testing
Traceback (most recent call last):
  File "C:\Users\micha\Buddy\buddy_dynamic_task_scheduler.py", line 400, in _execute_task
    result = task.action(**task.action_params)
             ^^^^^^^^^^^^^^^^^^^^^^^^^^^^^^^^^
  File "C:\Users\micha\Buddy\buddy_dynamic_task_scheduler_tests.py", line 141, in mock_failing_action
    raise Exception("Simulated failure for retry testing")
Exception: Simulated failure for retry testing
2026-02-05 14:56:10,665 - buddy_dynamic_task_scheduler - INFO - Retrying task task_f6a11280 (attempt 2/3)
2026-02-05 14:56:12,666 - buddy_dynamic_task_scheduler - INFO - Executing task task_f6a11280: Failing task (should retry 3 times)
2026-02-05 14:56:12,666 - buddy_dynamic_task_scheduler - ERROR - Task task_f6a11280 failed: Exception: Simulated failure for retry testing
Traceback (most recent call last):
  File "C:\Users\micha\Buddy\buddy_dynamic_task_scheduler.py", line 400, in _execute_task
    result = task.action(**task.action_params)
             ^^^^^^^^^^^^^^^^^^^^^^^^^^^^^^^^^
  File "C:\Users\micha\Buddy\buddy_dynamic_task_scheduler_tests.py", line 141, in mock_failing_action
    raise Exception("Simulated failure for retry testing")
Exception: Simulated failure for retry testing
2026-02-05 14:56:12,667 - buddy_dynamic_task_scheduler - INFO - Retrying task task_f6a11280 (attempt 3/3)
2026-02-05 14:56:16,668 - buddy_dynamic_task_scheduler - INFO - Executing task task_f6a11280: Failing task (should retry 3 times)
2026-02-05 14:56:16,668 - buddy_dynamic_task_scheduler - ERROR - Task task_f6a11280 failed: Exception: Simulated failure for retry testing
Traceback (most recent call last):
  File "C:\Users\micha\Buddy\buddy_dynamic_task_scheduler.py", line 400, in _execute_task
    result = task.action(**task.action_params)
             ^^^^^^^^^^^^^^^^^^^^^^^^^^^^^^^^^
  File "C:\Users\micha\Buddy\buddy_dynamic_task_scheduler_tests.py", line 141, in mock_failing_action
    raise Exception("Simulated failure for retry testing")
Exception: Simulated failure for retry testing
2026-02-05 14:56:18,665 - buddy_dynamic_task_scheduler - INFO - Stopping task scheduler...
2026-02-05 14:56:18,665 - buddy_dynamic_task_scheduler - INFO - Task executor stopped
2026-02-05 14:56:18,665 - buddy_dynamic_task_scheduler - INFO - Task scheduler stopped
WARNING: Phase 5 web tools not available - using mock actions
================================================================================
BUDDY DYNAMIC TASK SCHEDULER - TEST HARNESS
================================================================================
Phase 5 Available: False
Dry-Run Mode: True


================================================================================
TEST 1: Priority-Based Task Execution
================================================================================
Goal: Verify CRITICAL tasks execute before LOW priority tasks

Executing tasks...
  [MOCK] Inspecting https://critical-priority.com
  [MOCK] Inspecting https://medium-priority.com
  [MOCK] Inspecting https://low-priority.com

[PASS] Test Completed: PASS
  - All tasks completed: True
  - Execution order correct: True

================================================================================
TEST 2: Task Dependency Resolution
================================================================================
Goal: Verify tasks wait for dependencies before executing

Executing tasks with dependencies...
  [MOCK] Navigating to https://example.com
  [MOCK] Inspecting https://example.com
  [MOCK] Extracting text from .product-name

[PASS] Test Completed: PASS
  - All tasks completed: True
  - Dependency order correct: True

================================================================================
TEST 3: Risk-Based Task Filtering
================================================================================
Goal: Verify high-risk tasks with low confidence are deferred

Executing tasks with risk filtering...

[PASS] Test Completed: FAIL
  - High-risk low-confidence deferred: False
  - High-risk high-confidence completed: True

================================================================================
TEST 4: Conditional Branching
================================================================================
Goal: Verify conditional branches trigger based on task outcomes

Executing task with conditional branching...
  [MOCK] Inspecting https://example.com
  [MOCK] Extracting text from .data

[PASS] Test Completed: PASS
  - Main task completed: True
  - Conditional branch triggered: True
  - Total tasks executed: 2

================================================================================
TEST 5: Retry Logic
================================================================================
Goal: Verify tasks retry on failure up to max_attempts

Executing failing task with retries...
  [MOCK] Failing action (for retry test)
  [MOCK] Failing action (for retry test)
  [MOCK] Failing action (for retry test)

[PASS] Test Completed: PASS
  - Retry attempts: 3 (expected: 3)
  - Final status: FAILED

================================================================================
TEST REPORT SUMMARY
================================================================================

Total Tests: 5
Passed: 4
Failed: 1
Success Rate: 80.0%

Validation Checklist:
  [PASS] - priority_execution
  [PASS] - dependency_resolution
  [FAIL] - risk_filtering
  [PASS] - conditional_branching
  [PASS] - retry_logic

[INFO] Report saved to: outputs\task_scheduler_metrics\test_report_20260205_195618.json

[PASS] TEST SUITE PASSED (>=80% success rate)
